[0/1] Planning build
Building for debugging...
[0/5] Write sources
[1/5] Write swift-version--58304C5D6DBC2206.txt
[3/7] Compiling MeetingScribe MeetingStore.swift
[4/7] Emitting module MeetingScribe
[5/9] Compiling MeetingScribe WorkbenchView.swift
[6/9] Compiling MeetingScribe MeetingScribeApp.swift
[6/11] Write Objects.LinkFileList
[7/11] Linking MeetingScribe
[8/11] Applying MeetingScribe
[10/21] Compiling MeetingScribeTests ProcessingChunkWindowTests.swift
[11/21] Compiling MeetingScribeTests AuditRecordingPipelineTests.swift
[12/21] Compiling MeetingScribeTests TranscriptEditPersistenceTests.swift
[13/21] Compiling MeetingScribeTests ExportWiringTests.swift
[14/21] Compiling MeetingScribeTests CaptureReadinessTests.swift
[15/21] Compiling MeetingScribeTests AuditClosureTests.swift
[16/21] Compiling MeetingScribeTests AuditDeliveryTests.swift
[17/21] Compiling MeetingScribeTests AuditNetworkTests.swift
[18/21] Emitting module MeetingScribeTests
[19/21] Compiling MeetingScribeTests AuditDataSafetyTests.swift
[19/21] Write Objects.LinkFileList
[20/21] Linking MeetingScribePackageTests
Build complete! (6.09s)
Test Suite 'Selected tests' started at 2026-10-06 13:33:15.678.
Test Suite 'MeetingScribePackageTests.xctest' started at 2026-10-06 13:33:15.679.
Test Suite 'AuditRecordingPipelineTests' started at 2026-10-06 13:33:15.679.
Test Case '-[MeetingScribeTests.AuditRecordingPipelineTests testCancellationFinishesEvenIfCLIRejectsSIGTERM]' started.
Test Case '-[MeetingScribeTests.AuditRecordingPipelineTests testCancellationFinishesEvenIfCLIRejectsSIGTERM]' passed (2.789 seconds).
Test Case '-[MeetingScribeTests.AuditRecordingPipelineTests testChunkOwnershipPreservesTheCompleteBoundarySentence]' started.
Test Case '-[MeetingScribeTests.AuditRecordingPipelineTests testChunkOwnershipPreservesTheCompleteBoundarySentence]' passed (0.001 seconds).
Test Case '-[MeetingScribeTests.AuditRecordingPipelineTests testCleaningPreservesDifferentSpeakers]' started.
Test Case '-[MeetingScribeTests.AuditRecordingPipelineTests testCleaningPreservesDifferentSpeakers]' passed (0.001 seconds).
Test Case '-[MeetingScribeTests.AuditRecordingPipelineTests testCrosstalkPreservesOppositeDecisions]' started.
Test Case '-[MeetingScribeTests.AuditRecordingPipelineTests testCrosstalkPreservesOppositeDecisions]' passed (0.000 seconds).
Test Case '-[MeetingScribeTests.AuditRecordingPipelineTests testDeletionWaitsForOldTaskBeforeStartingAnother]' started.
Test Case '-[MeetingScribeTests.AuditRecordingPipelineTests testDeletionWaitsForOldTaskBeforeStartingAnother]' passed (1.519 seconds).
Test Case '-[MeetingScribeTests.AuditRecordingPipelineTests testDualTrackCrashRecoveryDoesNotRepeatFinishedChunks]' started.
Test Case '-[MeetingScribeTests.AuditRecordingPipelineTests testDualTrackCrashRecoveryDoesNotRepeatFinishedChunks]' passed (1.900 seconds).
Test Case '-[MeetingScribeTests.AuditRecordingPipelineTests testFailedTrackIsRejectedForDualTranscription]' started.
Test Case '-[MeetingScribeTests.AuditRecordingPipelineTests testFailedTrackIsRejectedForDualTranscription]' passed (0.003 seconds).
Test Case '-[MeetingScribeTests.AuditRecordingPipelineTests testIndependentRepeatsBySameSpeakerArePreserved]' started.
Test Case '-[MeetingScribeTests.AuditRecordingPipelineTests testIndependentRepeatsBySameSpeakerArePreserved]' passed (0.000 seconds).
Test Case '-[MeetingScribeTests.AuditRecordingPipelineTests testRunawayCLILogIsTerminatedAndDiagnosticIsBounded]' started.
Test Case '-[MeetingScribeTests.AuditRecordingPipelineTests testRunawayCLILogIsTerminatedAndDiagnosticIsBounded]' passed (0.799 seconds).
Test Case '-[MeetingScribeTests.AuditRecordingPipelineTests testSampleTimestampGapIsPreserved]' started.
Test Case '-[MeetingScribeTests.AuditRecordingPipelineTests testSampleTimestampGapIsPreserved]' passed (0.003 seconds).
Test Case '-[MeetingScribeTests.AuditRecordingPipelineTests testSecondTrackFailurePreservesFirstTrackCheckpoint]' started.
Test Case '-[MeetingScribeTests.AuditRecordingPipelineTests testSecondTrackFailurePreservesFirstTrackCheckpoint]' passed (1.853 seconds).
Test Case '-[MeetingScribeTests.AuditRecordingPipelineTests testSharedEpochPreservesFirstPacketOffsetsAndActualLevels]' started.
Test Case '-[MeetingScribeTests.AuditRecordingPipelineTests testSharedEpochPreservesFirstPacketOffsetsAndActualLevels]' passed (0.001 seconds).
Test Suite 'AuditRecordingPipelineTests' passed at 2026-10-06 13:33:24.551.
	 Executed 12 tests, with 0 failures (0 unexpected) in 8.870 (8.871) seconds
Test Suite 'MeetingScribePackageTests.xctest' passed at 2026-10-06 13:33:24.551.
	 Executed 12 tests, with 0 failures (0 unexpected) in 8.870 (8.871) seconds
Test Suite 'Selected tests' passed at 2026-10-06 13:33:24.551.
	 Executed 12 tests, with 0 failures (0 unexpected) in 8.870 (8.873) seconds
◇ Test run started.
↳ Testing Library Version: 1902
↳ Target Platform: arm64e-apple-macos14.0
✔ Test run with 0 tests in 0 suites passed after 0.001 seconds.
