whisper_init_from_file_with_params_no_state: loading model from '/var/folders/1n/ljw_trbx7fj5svq4kfnm4b980000gn/T/ms-release-0120-xwzacl9r/全新安装验收/MeetingScribe.app/Contents/Resources/whisper/models/ggml-small.bin'
whisper_init_with_params_no_state: use gpu    = 0
whisper_init_with_params_no_state: flash attn = 1
whisper_init_with_params_no_state: gpu_device = 0
whisper_init_with_params_no_state: dtw        = 0
ggml_metal_device_init: testing tensor API for f16 support
ggml_metal_library_compile_pipeline: compiling pipeline: base = 'dummy_kernel', name = 'dummy_kernel'
ggml_metal_library_compile_pipeline: loaded dummy_kernel                                  0x103a271e0 | th_max = 1024 | th_width =   32
ggml_metal_device_init: testing tensor API for bfloat support
ggml_metal_library_compile_pipeline: compiling pipeline: base = 'dummy_kernel', name = 'dummy_kernel'
ggml_metal_library_compile_pipeline: loaded dummy_kernel                                  0x103a27360 | th_max = 1024 | th_width =   32
ggml_metal_library_init: using embedded metal library
ggml_metal_library_compile_all: compiled 'fa' library in 12.826 sec
ggml_metal_library_compile_all: compiled 'mul_mv' library in 0.804 sec
ggml_metal_library_compile_all: compiled 'mul_mm' library in 0.926 sec
ggml_metal_library_compile_all: compiled 'quantize' library in 0.335 sec
ggml_metal_library_compile_all: compiled 'softmax' library in 0.154 sec
ggml_metal_library_compile_all: compiled 'norm' library in 0.129 sec
ggml_metal_library_compile_all: compiled 'unary' library in 0.171 sec
ggml_metal_library_compile_all: compiled 'binbcast' library in 0.129 sec
ggml_metal_library_compile_all: compiled 'reduce' library in 0.114 sec
ggml_metal_library_compile_all: compiled 'tri' library in 0.136 sec
ggml_metal_library_compile_all: compiled 'ssm' library in 0.188 sec
ggml_metal_library_compile_all: compiled 'wkv' library in 0.084 sec
ggml_metal_library_compile_all: compiled 'gated_delta_net' library in 0.095 sec
ggml_metal_library_compile_all: compiled 'solve_tri' library in 0.086 sec
ggml_metal_library_compile_all: compiled 'rope' library in 0.278 sec
ggml_metal_library_compile_all: compiled 'conv' library in 0.286 sec
ggml_metal_library_compile_all: compiled 'upscale' library in 0.226 sec
ggml_metal_library_compile_all: compiled 'argsort' library in 0.334 sec
ggml_metal_library_compile_all: compiled 'pool' library in 0.925 sec
ggml_metal_library_compile_all: compiled 'misc' library in 12.825 sec
ggml_metal_library_compile_all: loaded 20 libraries from embedded data in 12.826 sec (max single = 12.826 sec)
ggml_metal_rsets_init: creating a residency set collection (keep_alive = 180 s)
ggml_metal_device_init: GPU name:   MTL0 (Apple M5)
ggml_metal_device_init: GPU family: MTLGPUFamilyApple10  (1010)
ggml_metal_device_init: GPU family: MTLGPUFamilyCommon3 (3003)
ggml_metal_device_init: GPU family: MTLGPUFamilyMetal4  (5002)
ggml_metal_device_init: simdgroup reduction   = true
ggml_metal_device_init: simdgroup matrix mul. = true
ggml_metal_device_init: has unified memory    = true
ggml_metal_device_init: has bfloat            = true
ggml_metal_device_init: has tensor            = true
ggml_metal_device_init: use residency sets    = true
ggml_metal_device_init: use shared buffers    = true
ggml_metal_device_init: recommendedMaxWorkingSetSize  = 12713.12 MB
whisper_init_with_params_no_state: devices    = 3
whisper_init_with_params_no_state: backends   = 3
whisper_model_load: loading model
whisper_model_load: n_vocab       = 51865
whisper_model_load: n_audio_ctx   = 1500
whisper_model_load: n_audio_state = 768
whisper_model_load: n_audio_head  = 12
whisper_model_load: n_audio_layer = 12
whisper_model_load: n_text_ctx    = 448
whisper_model_load: n_text_state  = 768
whisper_model_load: n_text_head   = 12
whisper_model_load: n_text_layer  = 12
whisper_model_load: n_mels        = 80
whisper_model_load: ftype         = 1
whisper_model_load: qntvr         = 0
whisper_model_load: type          = 3 (small)
whisper_model_load: adding 1608 extra tokens
whisper_model_load: n_langs       = 99
whisper_model_load:          CPU total size =   487.01 MB
whisper_model_load: model size    =  487.01 MB
whisper_backend_init_gpu: no GPU found
whisper_backend_init: using BLAS backend
whisper_init_state: kv self size  =   18.87 MB
whisper_init_state: kv cross size =   56.62 MB
whisper_init_state: kv pad  size  =    4.72 MB
whisper_init_state: compute buffer (conv)   =   22.42 MB
whisper_init_state: compute buffer (encode) =   33.85 MB
whisper_init_state: compute buffer (cross)  =    6.20 MB
whisper_init_state: compute buffer (decode) =   97.28 MB
read_audio_data: reading audio data from '/var/folders/1n/ljw_trbx7fj5svq4kfnm4b980000gn/T/ms-release-0120-xwzacl9r/全新安装验收/synthetic.wav' ...
read_audio_data: trying to decode with miniaudio

system_info: n_threads = 2 / 10 | WHISPER : VITISAI = 0 | COREML = 0 | OPENVINO = 0 | MTL : EMBED_LIBRARY = 1 | CPU : NEON = 1 | ARM_FMA = 1 | FP16_VA = 1 | DOTPROD = 1 | ACCELERATE = 1 | REPACK = 1 |

main: processing '/var/folders/1n/ljw_trbx7fj5svq4kfnm4b980000gn/T/ms-release-0120-xwzacl9r/全新安装验收/synthetic.wav' (246667 samples, 15.4 sec), 2 threads, 1 processors, 5 beams + best of 5, lang = zh, task = transcribe, timestamps = 1 ...


[00:00:00.000 --> 00:00:15.500]  这是一段合成的安装验收录音,会议讨论软件介面调整,左侧显示会议列表,右侧显示白色内容卡片。请在本周五完成安装测试,确认中文转写正常。
output_json: saving output to '/var/folders/1n/ljw_trbx7fj5svq4kfnm4b980000gn/T/ms-release-0120-xwzacl9r/全新安装验收/cpu-smoke.json'

whisper_print_timings:     load time =   187.38 ms
whisper_print_timings:     fallbacks =   0 p /   0 h
whisper_print_timings:      mel time =     6.35 ms
whisper_print_timings:   sample time =    87.42 ms /   436 runs (     0.20 ms per run)
whisper_print_timings:   encode time =   793.73 ms /     1 runs (   793.73 ms per run)
whisper_print_timings:   decode time =     0.00 ms /     1 runs (     0.00 ms per run)
whisper_print_timings:   batchd time =  1528.35 ms /   434 runs (     3.52 ms per run)
whisper_print_timings:   prompt time =     0.00 ms /     1 runs (     0.00 ms per run)
whisper_print_timings:    total time =  2644.14 ms
